2026-04-07 08:55:14.960: [INFO] OnDoneLoading sync enabled: 0
2026-04-07 08:56:45.730: [INFO] OnDoneLoading sync enabled: 0
2026-04-07 08:58:24.269: [INFO] OnDoneLoading sync enabled: 0
2026-04-07 08:58:57.080: [INFO] OnDoneLoading sync enabled: 0
2026-04-07 09:00:28.993: [INFO] OnDoneLoading sync enabled: 0
2026-04-07 09:01:54.346: [INFO] OnDoneLoading sync enabled: 0
2026-04-07 09:02:46.715: [INFO] OnDoneLoading sync enabled: 0
2026-04-07 09:04:14.293: [INFO] OnDoneLoading sync enabled: 0
2026-04-07 09:05:49.729: [INFO] OnDoneLoading sync enabled: 0
2026-04-08 01:15:26.611: [INFO] OnDoneLoading sync enabled: 0
2026-04-08 04:04:07.963: [INFO] OnDoneLoading sync enabled: 0
2026-05-09 01:42:32.310: [INFO] OnDoneLoading sync enabled: 0
2026-05-09 01:43:49.524: [INFO] OnDoneLoading sync enabled: 0
2026-05-09 01:47:15.448: [INFO] OnDoneLoading sync enabled: 0
2026-07-22 07:38:21.331: [INFO] OnDoneLoading sync enabled: 0
2026-07-25 02:39:40.280: [INFO] OnDoneLoading sync enabled: 0
2026-07-30 00:13:38.500: [INFO] OnDoneLoading sync enabled: 0
2026-07-30 02:22:36.954: [INFO] OnDoneLoading sync enabled: 0
2026-07-30 10:31:14.051: [INFO] OnDoneLoading sync enabled: 0
2026-07-31 01:20:49.789: [INFO] OnDoneLoading sync enabled: 0
2026-08-03 08:08:18.195: [INFO] OnDoneLoading sync enabled: 0
2026-08-03 10:13:25.575: [INFO] OnDoneLoading sync enabled: 0
2026-08-07 03:11:35.351: [INFO] CurrentProfilePath: D:\DA3\DA3\Tools\Debug\SaovietTax.exe.WebView2\EBWebView\Default
2026-08-07 03:11:35.351: [INFO] Profiles total count: 1
2026-08-07 03:11:35.351: [INFO] Profile: name=Profile 1 path=D:\DA3\DA3\Tools\Debug\SaovietTax.exe.WebView2\EBWebView\Default lastActive=2026-08-03T10:31:01.560Z
2026-08-07 03:11:35.351: [INFO] LastUsedProfileDir: D:\DA3\DA3\Tools\Debug\SaovietTax.exe.WebView2\EBWebView\Default
2026-08-07 03:11:35.351: [INFO] MostRecentlyActiveProfile: name=Profile 1 path=D:\DA3\DA3\Tools\Debug\SaovietTax.exe.WebView2\EBWebView\Default lastActive=2026-08-03T10:31:01.560Z
2026-08-07 03:11:35.351: [INFO] OnDoneLoading sync enabled: 0
2026-08-07 03:11:35.351: [INFO] BookmarkModelLoaded, ids_reassigned: 0
2026-08-07 03:11:35.351: [INFO] BookmarksLoadDropped droppedNodes=0
2026-08-07 03:11:35.351: [INFO] BookmarksSnapshot Startup total=0 bar=0 other=0 mobile=0 showBar=0 showBarNTP=1
2026-08-07 03:11:39.187: [INFO] BookmarksSnapshot Shutdown total=0 bar=0 other=0 mobile=0 showBar=0 showBarNTP=1
